**********************
Windows PowerShell transcript start
Start time: 20260522184152
Username: HOANGLINHPC\ADMIN
RunAs User: HOANGLINHPC\ADMIN
Configuration Name: 
Machine: HOANGLINHPC (Microsoft Windows NT 10.0.26200.0)
Host Application: powershell -NoProfile -ExecutionPolicy Bypass -File C:\Users\ADMIN\OneDrive\Documents\antigravity\linkkey\dist_autocap_space\Neokey\register.ps1 -RequireManifest
Process ID: 22560
PSVersion: 5.1.26100.8457
PSEdition: Desktop
PSCompatibleVersions: 1.0, 2.0, 3.0, 4.0, 5.0, 5.1.26100.8457
BuildVersion: 10.0.26100.8457
CLRVersion: 4.0.30319.42000
WSManStackVersion: 3.0
PSRemotingProtocolVersion: 2.3
SerializationVersion: 1.1.0.1
**********************
Target directory: C:\Users\ADMIN\OneDrive\Documents\antigravity\linkkey\dist_autocap_space\Neokey
DLL 64 path: C:\Users\ADMIN\OneDrive\Documents\antigravity\linkkey\dist_autocap_space\Neokey\neokey.dll
DLL 32 path: C:\Users\ADMIN\OneDrive\Documents\antigravity\linkkey\dist_autocap_space\Neokey\neokey32.dll
32-bit regsvr32 exit code: 0
64-bit regsvr32 exit code: 0
**********************
Windows PowerShell transcript end
End time: 20260522184155
**********************
